
> beleza-carioca-site@1.0.0 build
> next build

Ôû▓ Next.js 16.2.3 (Turbopack)

  Creating an optimized production build ...
Ô£ô Compiled successfully in 48s
  Running TypeScript ...
  Finished TypeScript in 36.1s ...
  Collecting page data using 1 worker ...
  Generating static pages using 1 worker (0/38) ...
  Generating static pages using 1 worker (9/38) 
  Generating static pages using 1 worker (18/38) 
  Generating static pages using 1 worker (28/38) 
Ô£ô Generating static pages using 1 worker (38/38) in 10.0s
  Finalizing page optimization ...

Route (app)
Ôöî Ôùï /
Ôö£ Ôùï /_not-found
Ôö£ ãÆ /acesso-negado
Ôö£ Ôùï /admin
Ôö£ ÔùÅ /admin/[module]
Ôöé Ôö£ /admin/agenda
Ôöé Ôö£ /admin/clientes
Ôöé Ôö£ /admin/profissionais
Ôöé Ôöö [+2 more paths]
Ôö£ Ôùï /ajuda
Ôö£ ãÆ /api/auth/login
Ôö£ ãÆ /api/auth/session
Ôö£ ãÆ /api/billing/subscription-intent
Ôö£ ãÆ /api/locations
Ôö£ ãÆ /api/platform/actions
Ôö£ ãÆ /api/platform/snapshot
Ôö£ ãÆ /assinatura
Ôö£ Ôùï /blog
Ôö£ Ôùï /cliente
Ôö£ ãÆ /entrar
Ôö£ ãÆ /estabelecimentos/[slug]
Ôö£ Ôùï /login-cliente
Ôö£ Ôùï /login-estabelecimento
Ôö£ ãÆ /negocios
Ôö£ ÔùÅ /negocios/[slug]
Ôöé Ôö£ /negocios/saloes-de-beleza
Ôöé Ôö£ /negocios/barbearias
Ôöé Ôö£ /negocios/clinicas-de-estetica
Ôöé Ôöö /negocios/studios-e-spas
Ôö£ Ôùï /profissional
Ôöö Ôùï /solucoes


ãÆ Proxy (Middleware)

Ôùï  (Static)   prerendered as static content
ÔùÅ  (SSG)      prerendered as static HTML (uses generateStaticParams)
ãÆ  (Dynamic)  server-rendered on demand

